Microchip MPLAB XC8 Compiler V2.50

Linker command line:

-W-3 \
  --edf=C:\Program Files\Microchip\xc8\v2.50\pic\dat\20240725155939_en.msgs \
  -cn -h+dist/default/debug\belepteto.X.debug.sym \
  --cmf=dist/default/debug\belepteto.X.debug.cmf -z -Q16F648A \
  -oC:\Users\biebe\AppData\Local\Temp\xcAslnk.\driver_tmp_3.o \
  --defsym=__MPLAB_BUILD=1 --fixupoverflow=error \
  -Mdist/default/debug/belepteto.X.debug.map \
  --md=C:\Users\biebe\AppData\Local\Temp\xcAslnk.\driver_tmp_0.dat -E1 \
  -ver=XC8 Compiler --acfsm=1493 -ACODE=00h-07FFhx2 -ASTRCODE=00h-0FFFh \
  -ASTRING=00h-0FFhx16 -ACONST=00h-0FFhx16 -AENTRY=00h-0FFhx16 \
  -ACOMMON=071h-07Fh -ABANK0=020h-06Fh -ABANK1=0A0h-0EFh \
  -ABANK2=0120h-0164h -ARAM=020h-06Fh,0A0h-0EFh,0120h-0164h \
  -AABS1=020h-07Fh,0A0h-0EFh,0120h-016Fh -ASFR0=00h-01Fh -ASFR1=080h-09Fh \
  -ASFR2=0100h-011Fh -ASFR3=0180h-01F0h -ACONFIG=02007h-02007h -DCONFIG=2 \
  -AIDLOC=02000h-02003h -DIDLOC=2 -AEEDATA=00h-0FFh/02100h \
  -peeprom_data=EEDATA -DEEDATA=2 -DCODE=2 -DSTRCODE=2 -DSTRING=2 -DCONST=2 \
  -DENTRY=2 -preset_vec=00h,intentry,sivt,init,end_init -ppowerup=CODE \
  -pcinit=CODE -pfunctab=ENTRY -k \
  C:\Users\biebe\AppData\Local\Temp\xcAslnk.\driver_tmp_12.o \
  dist/default/debug\belepteto.X.debug.o 

Object code version is 3.11

Machine type is 16F648A



                Name                               Link     Load   Length Selector   Space Scale
C:\Users\biebe\AppData\Local\Temp\xcAslnk.\driver_tmp_12.o
                end_init                              1        1        2        0       0
                reset_vec                             0        0        1        0       0
                config                             2007     2007        1        0       4
dist/default/debug\belepteto.X.debug.o
                cinit                               7E8      7E8       18      FD0       0
                config                             2007     2007        1        0       4
                text9                               528      528        C      A50       0
                text8                               68C      68C       65      D18       0
                text7                               55B      55B       25      AB6       0
                text6                               540      540       1B      A80       0
                text5                               5E6      5E6       50      BCC       0
                text4                               580      580       2C      B00       0
                text3                               5AC      5AC       3A      B58       0
                text2                               636      636       56      C6C       0
                text1                               534      534        C      A68       0
                maintext                            6F1      6F1       F7      DE2       0
                cstackBANK0                          40       40       1F       20       1
                cstackCOMMON                         71       71        D       71       1
                clrtext                             520      520        8      A40       0
                bssBANK1                             A0       A0       10       A0       1
                dataBANK0                            5F       5F        2       20       1
                bssBANK0                             20       20       20       20       1
                idataBANK0                          51E      51E        2      A3C       0

TOTAL           Name                               Link     Load   Length     Space
        CLASS   CODE           
                end_init                              1        1        2         0
                cinit                               7E8      7E8       18         0
                reset_vec                             0        0        1         0
                text9                               528      528        C         0
                text8                               68C      68C       65         0
                text7                               55B      55B       25         0
                text6                               540      540       1B         0
                text5                               5E6      5E6       50         0
                text4                               580      580       2C         0
                text3                               5AC      5AC       3A         0
                text2                               636      636       56         0
                text1                               534      534        C         0
                maintext                            6F1      6F1       F7         0
                clrtext                             520      520        8         0
                idataBANK0                          51E      51E        2         0

        CLASS   STRCODE        

        CLASS   STRING         

        CLASS   CONST          

        CLASS   ENTRY          

        CLASS   COMMON         
                cstackCOMMON                         71       71        D         1

        CLASS   BANK0          
                cstackBANK0                          40       40       1F         1
                dataBANK0                            5F       5F        2         1
                bssBANK0                             20       20       20         1

        CLASS   BANK1          
                bssBANK1                             A0       A0       10         1

        CLASS   BANK2          

        CLASS   RAM            

        CLASS   ABS1           
                abs_s1                               7E       7E        2         1

        CLASS   SFR0           

        CLASS   SFR1           

        CLASS   SFR2           

        CLASS   SFR3           

        CLASS   CONFIG         
                config                             2007     2007        1         4

        CLASS   IDLOC          

        CLASS   EEDATA         

        CLASS   BANK3          

        CLASS   HEAP           

        CLASS   STACK          



SEGMENTS        Name                           Load    Length   Top    Selector   Space  Class     Delta

                reset_vec                      000000  000003  000003         0       0  CODE        2
                bssBANK0                       000020  000041  000061        20       1  BANK0       1
                cstackCOMMON                   000071  00000D  00007E        71       1  COMMON      1
                bssBANK1                       0000A0  000010  0000B0        A0       1  BANK1       1
                idataBANK0                     00051E  000002  000520       A3C       0  CODE        2
                clrtext                        000520  000008  000528       A40       0  CODE        2
                text9                          000528  00000C  000534       A50       0  CODE        2
                text1                          000534  00000C  000540       A68       0  CODE        2
                text6                          000540  00001B  00055B       A80       0  CODE        2
                text7                          00055B  000025  000580       AB6       0  CODE        2
                text4                          000580  00002C  0005AC       B00       0  CODE        2
                text3                          0005AC  00003A  0005E6       B58       0  CODE        2
                text5                          0005E6  000050  000636       BCC       0  CODE        2
                text2                          000636  000056  00068C       C6C       0  CODE        2
                text8                          00068C  000065  0006F1       D18       0  CODE        2
                maintext                       0006F1  0000F7  0007E8       DE2       0  CODE        2
                cinit                          0007E8  000018  000800       FD0       0  CODE        2


UNUSED ADDRESS RANGES

        Name                Unused          Largest block    Delta
        BANK0            0061-006F              F           1
        BANK1            00B0-00EF             40           1
        BANK2            0120-0164             45           1
        CODE             0003-051D            51B           2
                         0800-0FFF            800
        CONST            0003-051D            100           2
                         0800-0FFF            100
        EEDATA           2100-21FF            100           2
        ENTRY            0003-051D            100           2
                         0800-0FFF            100
        IDLOC            2000-2003              4           2
        RAM              0061-006F              F           1
                         00B0-00EF             40
                         0120-0164             45
        SFR0             0000-001F             20           1
        SFR1             0080-009F             20           1
        SFR2             0100-011F             20           1
        SFR3             0180-01F0             71           1
        STRCODE          0003-051D            51B           2
                         0800-0FFF            800
        STRING           0003-051D            100           2
                         0800-0FFF            100

                                  Symbol Table

?___awdiv                cstackCOMMON 0077
?___wmul                 cstackCOMMON 0071
_CMCON                   (abs)        001F
_PORTAbits               (abs)        0005
_PORTBbits               (abs)        0006
_TRISAbits               (abs)        0085
_TRISBbits               (abs)        0086
_USER_INPUT              bssBANK1     00A0
__H__absolute__          __absolute__ 0000
__Habs1                  abs1         0000
__Hbank0                 bank0        0000
__Hbank1                 bank1        0000
__Hbank2                 bank2        0000
__Hbank3                 bank3        0000
__HbssBANK0              bssBANK0     0000
__HbssBANK1              bssBANK1     0000
__Hcinit                 cinit        0800
__Hclrtext               clrtext      0000
__Hcode                  code         0000
__Hcommon                common       0000
__Hconfig                config       2008
__HcstackBANK0           cstackBANK0  0000
__HcstackCOMMON          cstackCOMMON 0000
__HdataBANK0             dataBANK0    0000
__Heeprom_data           eeprom_data  0000
__Hend_init              end_init     0003
__Hfunctab               functab      0000
__Hheap                  heap         0000
__HidataBANK0            idataBANK0   0000
__Hinit                  init         0001
__Hintentry              intentry     0001
__Hmaintext              maintext     0000
__Hpowerup               powerup      0000
__Hram                   ram          0000
__Hreset_vec             reset_vec    0001
__Hsfr0                  sfr0         0000
__Hsfr1                  sfr1         0000
__Hsfr2                  sfr2         0000
__Hsfr3                  sfr3         0000
__Hsivt                  sivt         0001
__Hspace_0               (abs)        0800
__Hspace_1               (abs)        00B0
__Hspace_2               (abs)        0000
__Hspace_3               (abs)        0000
__Hspace_4               (abs)        400F
__Hstack                 stack        0000
__Hstrings               strings      0000
__Htext                  text         0000
__L__absolute__          __absolute__ 0000
__Labs1                  abs1         0000
__Lbank0                 bank0        0000
__Lbank1                 bank1        0000
__Lbank2                 bank2        0000
__Lbank3                 bank3        0000
__LbssBANK0              bssBANK0     0000
__LbssBANK1              bssBANK1     0000
__Lcinit                 cinit        07E8
__Lclrtext               clrtext      0000
__Lcode                  code         0000
__Lcommon                common       0000
__Lconfig                config       0000
__LcstackBANK0           cstackBANK0  0000
__LcstackCOMMON          cstackCOMMON 0000
__LdataBANK0             dataBANK0    0000
__Leeprom_data           eeprom_data  0000
__Lend_init              end_init     0001
__Lfunctab               functab      0000
__Lheap                  heap         0000
__LidataBANK0            idataBANK0   0000
__Linit                  init         0001
__Lintentry              intentry     0001
__Lmaintext              maintext     0000
__Lpowerup               powerup      0000
__Lram                   ram          0000
__Lreset_vec             reset_vec    0000
__Lsfr0                  sfr0         0000
__Lsfr1                  sfr1         0000
__Lsfr2                  sfr2         0000
__Lsfr3                  sfr3         0000
__Lsivt                  sivt         0001
__Lspace_0               (abs)        0000
__Lspace_1               (abs)        0000
__Lspace_2               (abs)        0000
__Lspace_3               (abs)        0000
__Lspace_4               (abs)        0000
__Lstack                 stack        0000
__Lstrings               strings      0000
__Ltext                  text         0000
__S0                     (abs)        0800
__S1                     (abs)        00B0
__S3                     (abs)        0000
___awdiv                 text8        068C
___awdiv@counter         cstackBANK0  0040
___awdiv@dividend        cstackCOMMON 0079
___awdiv@divisor         cstackCOMMON 0077
___awdiv@quotient        cstackBANK0  0042
___awdiv@sign            cstackBANK0  0041
___heap_hi               (abs)        0000
___heap_lo               (abs)        0000
___int_sp                stack        0000
___int_stack_hi          stack        0000
___int_stack_lo          stack        0000
___latbits               (abs)        0001
___sp                    stack        0000
___stack_hi              stack        0000
___stack_lo              stack        0000
___stackhi               (abs)        0000
___stacklo               (abs)        0000
___wmul                  text7        055B
___wmul@multiplicand     cstackCOMMON 0073
___wmul@multiplier       cstackCOMMON 0071
___wmul@product          cstackCOMMON 0075
__end_of___awdiv         text8        06F1
__end_of___wmul          text7        0580
__end_of__initialization cinit        07FD
__end_of_beep            text5        0636
__end_of_clock_SR        text9        0534
__end_of_decode_value    text3        05E6
__end_of_delay_us        text6        055B
__end_of_flash           text4        05AC
__end_of_initialize_pins text2        068C
__end_of_main            maintext     07E8
__end_of_push_output     text1        0540
__initialization         cinit        07E8
__pbssBANK0              bssBANK0     0020
__pbssBANK1              bssBANK1     00A0
__pcstackBANK0           cstackBANK0  0040
__pcstackCOMMON          cstackCOMMON 0071
__pdataBANK0             dataBANK0    005F
__pidataBANK0            idataBANK0   051E
__pmaintext              maintext     06F1
__ptext1                 text1        0534
__ptext2                 text2        0636
__ptext3                 text3        05AC
__ptext4                 text4        0580
__ptext5                 text5        05E6
__ptext6                 text6        0540
__ptext7                 text7        055B
__ptext8                 text8        068C
__ptext9                 text9        0528
_beep                    text5        05E6
_clock_SR                text9        0528
_decode_value            text3        05AC
_delay_us                text6        0540
_flash                   text4        0580
_initialize_pins         text2        0636
_inputPinpad             bssBANK0     0020
_main                    maintext     06F1
_outputPinpad            bssBANK0     002E
_push_output             text1        0534
beep@duration_ms         cstackCOMMON 007B
beep@half_period_us      cstackBANK0  0048
beep@i                   cstackBANK0  0046
beep@total_cycles        cstackBANK0  0044
btemp                    (abs)        007E
clear_ram0               clrtext      0520
decode_value@code        cstackBANK0  004A
decode_value@i           cstackBANK0  004F
delay_us@i               cstackCOMMON 0074
delay_us@time            cstackCOMMON 0071
end_of_initialization    cinit        07FD
initialize_pins@i        cstackCOMMON 0072
intlevel0                functab      0000
intlevel1                functab      0000
intlevel2                functab      0000
intlevel3                functab      0000
intlevel4                functab      0000
intlevel5                functab      0000
main@i                   cstackBANK0  0055
main@i_186               cstackBANK0  0059
main@i_187               cstackBANK0  0057
main@i_188               cstackBANK0  005B
main@itter               cstackBANK0  005D
reset_vec                reset_vec    0000
start                    init         0001
start_initialization     cinit        07E8
wtemp0                   (abs)        007E


MODULE INFORMATION

Module		Function		Class		Link	Load	Size
C:\Program Files\Microchip\xc8\v2.50\pic\sources\c99\common\Umul16.c
		___wmul        		CODE           	055B	0000	37

C:\Program Files\Microchip\xc8\v2.50\pic\sources\c99\common\Umul16.c estimated size: 37

shared
		__initialization		CODE           	07E8	0000	21

shared estimated size: 21

C:\Program Files\Microchip\xc8\v2.50\pic\sources\c99\common\awdiv.c
		___awdiv       		CODE           	068C	0000	101

C:\Program Files\Microchip\xc8\v2.50\pic\sources\c99\common\awdiv.c estimated size: 101

main.c
		_beep          		CODE           	05E6	0000	80
		_delay_us      		CODE           	0540	0000	27
		_main          		CODE           	06F1	0000	247
		_initialize_pins		CODE           	0636	0000	86
		_flash         		CODE           	0580	0000	44
		_decode_value  		CODE           	05AC	0000	58
		_push_output   		CODE           	0534	0000	12
		_clock_SR      		CODE           	0528	0000	12

main.c estimated size: 566

