Microchip MPLAB XC8 Compiler V2.50

Linker command line:

-W-3 \
  --edf=C:\Program Files\Microchip\xc8\v2.50\pic\dat\20240725155939_en.msgs \
  -cn -h+dist/default/debug\belepteto.X.debug.sym \
  --cmf=dist/default/debug\belepteto.X.debug.cmf -z -Q16F648A \
  -oC:\Users\biebe\AppData\Local\Temp\xcAsbh0.\driver_tmp_3.o \
  --defsym=__MPLAB_BUILD=1 --fixupoverflow=error \
  -Mdist/default/debug/belepteto.X.debug.map \
  --md=C:\Users\biebe\AppData\Local\Temp\xcAsbh0.\driver_tmp_0.dat -E1 \
  -ver=XC8 Compiler --acfsm=1493 -ACODE=00h-07FFhx2 -ASTRCODE=00h-0FFFh \
  -ASTRING=00h-0FFhx16 -ACONST=00h-0FFhx16 -AENTRY=00h-0FFhx16 \
  -ACOMMON=071h-07Fh -ABANK0=020h-06Fh -ABANK1=0A0h-0EFh \
  -ABANK2=0120h-0164h -ARAM=020h-06Fh,0A0h-0EFh,0120h-0164h \
  -AABS1=020h-07Fh,0A0h-0EFh,0120h-016Fh -ASFR0=00h-01Fh -ASFR1=080h-09Fh \
  -ASFR2=0100h-011Fh -ASFR3=0180h-01F0h -ACONFIG=02007h-02007h -DCONFIG=2 \
  -AIDLOC=02000h-02003h -DIDLOC=2 -AEEDATA=00h-0FFh/02100h \
  -peeprom_data=EEDATA -DEEDATA=2 -DCODE=2 -DSTRCODE=2 -DSTRING=2 -DCONST=2 \
  -DENTRY=2 -preset_vec=00h,intentry,sivt,init,end_init -ppowerup=CODE \
  -pcinit=CODE -pfunctab=ENTRY -k \
  C:\Users\biebe\AppData\Local\Temp\xcAsbh0.\driver_tmp_12.o \
  dist/default/debug\belepteto.X.debug.o 

Object code version is 3.11

Machine type is 16F648A



                Name                               Link     Load   Length Selector   Space Scale
C:\Users\biebe\AppData\Local\Temp\xcAsbh0.\driver_tmp_12.o
                end_init                              1        1        2        0       0
                reset_vec                             0        0        1        0       0
                config                             2007     2007        1        0       4
dist/default/debug\belepteto.X.debug.o
                cinit                               7EE      7EE       12      FDC       0
                config                             2007     2007        1        0       4
                text5                               6E2      6E2       65      DC4       0
                text4                               615      615       25      C2A       0
                text3                               5FA      5FA       1B      BF4       0
                text2                               63A      63A       50      C74       0
                text1                               68A      68A       58      D14       0
                maintext                            747      747       A7      E8E       0
                cstackBANK0                          4E       4E       11       20       1
                cstackCOMMON                         71       71        D       71       1
                clrtext                             5F2      5F2        8      BE4       0
                dataBANK0                            5F       5F        2       20       1
                bssBANK0                             20       20       2E       20       1
                idataBANK0                          5F0      5F0        2      BE0       0

TOTAL           Name                               Link     Load   Length     Space
        CLASS   CODE           
                end_init                              1        1        2         0
                cinit                               7EE      7EE       12         0
                reset_vec                             0        0        1         0
                text5                               6E2      6E2       65         0
                text4                               615      615       25         0
                text3                               5FA      5FA       1B         0
                text2                               63A      63A       50         0
                text1                               68A      68A       58         0
                maintext                            747      747       A7         0
                clrtext                             5F2      5F2        8         0
                idataBANK0                          5F0      5F0        2         0

        CLASS   STRCODE        

        CLASS   STRING         

        CLASS   CONST          

        CLASS   ENTRY          

        CLASS   COMMON         
                cstackCOMMON                         71       71        D         1

        CLASS   BANK0          
                cstackBANK0                          4E       4E       11         1
                dataBANK0                            5F       5F        2         1
                bssBANK0                             20       20       2E         1

        CLASS   BANK1          

        CLASS   BANK2          

        CLASS   RAM            

        CLASS   ABS1           
                abs_s1                               7E       7E        2         1

        CLASS   SFR0           

        CLASS   SFR1           

        CLASS   SFR2           

        CLASS   SFR3           

        CLASS   CONFIG         
                config                             2007     2007        1         4

        CLASS   IDLOC          

        CLASS   EEDATA         

        CLASS   BANK3          

        CLASS   HEAP           

        CLASS   STACK          



SEGMENTS        Name                           Load    Length   Top    Selector   Space  Class     Delta

                reset_vec                      000000  000003  000003         0       0  CODE        2
                bssBANK0                       000020  000041  000061        20       1  BANK0       1
                cstackCOMMON                   000071  00000D  00007E        71       1  COMMON      1
                idataBANK0                     0005F0  000002  0005F2       BE0       0  CODE        2
                clrtext                        0005F2  000008  0005FA       BE4       0  CODE        2
                text3                          0005FA  00001B  000615       BF4       0  CODE        2
                text4                          000615  000025  00063A       C2A       0  CODE        2
                text2                          00063A  000050  00068A       C74       0  CODE        2
                text1                          00068A  000058  0006E2       D14       0  CODE        2
                text5                          0006E2  000065  000747       DC4       0  CODE        2
                maintext                       000747  0000A7  0007EE       E8E       0  CODE        2
                cinit                          0007EE  000012  000800       FDC       0  CODE        2


UNUSED ADDRESS RANGES

        Name                Unused          Largest block    Delta
        BANK0            0061-006F              F           1
        BANK1            00A0-00EF             50           1
        BANK2            0120-0164             45           1
        CODE             0003-05EF            5ED           2
                         0800-0FFF            800
        CONST            0003-05EF            100           2
                         0800-0FFF            100
        EEDATA           2100-21FF            100           2
        ENTRY            0003-05EF            100           2
                         0800-0FFF            100
        IDLOC            2000-2003              4           2
        RAM              0061-006F              F           1
                         00A0-00EF             50
                         0120-0164             45
        SFR0             0000-001F             20           1
        SFR1             0080-009F             20           1
        SFR2             0100-011F             20           1
        SFR3             0180-01F0             71           1
        STRCODE          0003-05EF            5ED           2
                         0800-0FFF            800
        STRING           0003-05EF            100           2
                         0800-0FFF            100

                                  Symbol Table

?___awdiv                cstackCOMMON 0077
?___wmul                 cstackCOMMON 0071
_CMCON                   (abs)        001F
_INTCONbits              (abs)        000B
_PORTAbits               (abs)        0005
_PORTBbits               (abs)        0006
_TRISAbits               (abs)        0085
_TRISBbits               (abs)        0086
__H__absolute__          __absolute__ 0000
__Habs1                  abs1         0000
__Hbank0                 bank0        0000
__Hbank1                 bank1        0000
__Hbank2                 bank2        0000
__Hbank3                 bank3        0000
__HbssBANK0              bssBANK0     0000
__Hcinit                 cinit        0800
__Hclrtext               clrtext      0000
__Hcode                  code         0000
__Hcommon                common       0000
__Hconfig                config       2008
__HcstackBANK0           cstackBANK0  0000
__HcstackCOMMON          cstackCOMMON 0000
__HdataBANK0             dataBANK0    0000
__Heeprom_data           eeprom_data  0000
__Hend_init              end_init     0003
__Hfunctab               functab      0000
__Hheap                  heap         0000
__HidataBANK0            idataBANK0   0000
__Hinit                  init         0001
__Hintentry              intentry     0001
__Hmaintext              maintext     0000
__Hpowerup               powerup      0000
__Hram                   ram          0000
__Hreset_vec             reset_vec    0001
__Hsfr0                  sfr0         0000
__Hsfr1                  sfr1         0000
__Hsfr2                  sfr2         0000
__Hsfr3                  sfr3         0000
__Hsivt                  sivt         0001
__Hspace_0               (abs)        0800
__Hspace_1               (abs)        007E
__Hspace_2               (abs)        0000
__Hspace_3               (abs)        0000
__Hspace_4               (abs)        400F
__Hstack                 stack        0000
__Hstrings               strings      0000
__Htext                  text         0000
__L__absolute__          __absolute__ 0000
__Labs1                  abs1         0000
__Lbank0                 bank0        0000
__Lbank1                 bank1        0000
__Lbank2                 bank2        0000
__Lbank3                 bank3        0000
__LbssBANK0              bssBANK0     0000
__Lcinit                 cinit        07EE
__Lclrtext               clrtext      0000
__Lcode                  code         0000
__Lcommon                common       0000
__Lconfig                config       0000
__LcstackBANK0           cstackBANK0  0000
__LcstackCOMMON          cstackCOMMON 0000
__LdataBANK0             dataBANK0    0000
__Leeprom_data           eeprom_data  0000
__Lend_init              end_init     0001
__Lfunctab               functab      0000
__Lheap                  heap         0000
__LidataBANK0            idataBANK0   0000
__Linit                  init         0001
__Lintentry              intentry     0001
__Lmaintext              maintext     0000
__Lpowerup               powerup      0000
__Lram                   ram          0000
__Lreset_vec             reset_vec    0000
__Lsfr0                  sfr0         0000
__Lsfr1                  sfr1         0000
__Lsfr2                  sfr2         0000
__Lsfr3                  sfr3         0000
__Lsivt                  sivt         0001
__Lspace_0               (abs)        0000
__Lspace_1               (abs)        0000
__Lspace_2               (abs)        0000
__Lspace_3               (abs)        0000
__Lspace_4               (abs)        0000
__Lstack                 stack        0000
__Lstrings               strings      0000
__Ltext                  text         0000
__S0                     (abs)        0800
__S1                     (abs)        007E
__S3                     (abs)        0000
___awdiv                 text5        06E2
___awdiv@counter         cstackBANK0  004E
___awdiv@dividend        cstackCOMMON 0079
___awdiv@divisor         cstackCOMMON 0077
___awdiv@quotient        cstackBANK0  0050
___awdiv@sign            cstackBANK0  004F
___heap_hi               (abs)        0000
___heap_lo               (abs)        0000
___int_sp                stack        0000
___int_stack_hi          stack        0000
___int_stack_lo          stack        0000
___latbits               (abs)        0001
___sp                    stack        0000
___stack_hi              stack        0000
___stack_lo              stack        0000
___stackhi               (abs)        0000
___stacklo               (abs)        0000
___wmul                  text4        0615
___wmul@multiplicand     cstackCOMMON 0073
___wmul@multiplier       cstackCOMMON 0071
___wmul@product          cstackCOMMON 0075
__end_of___awdiv         text5        0747
__end_of___wmul          text4        063A
__end_of__initialization cinit        07FD
__end_of_beep            text2        068A
__end_of_delay_us        text3        0615
__end_of_initialize_pins text1        06E2
__end_of_main            maintext     07EE
__initialization         cinit        07EE
__pbssBANK0              bssBANK0     0020
__pcstackBANK0           cstackBANK0  004E
__pcstackCOMMON          cstackCOMMON 0071
__pdataBANK0             dataBANK0    005F
__pidataBANK0            idataBANK0   05F0
__pmaintext              maintext     0747
__ptext1                 text1        068A
__ptext2                 text2        063A
__ptext3                 text3        05FA
__ptext4                 text4        0615
__ptext5                 text5        06E2
_beep                    text2        063A
_delay_us                text3        05FA
_initialize_pins         text1        068A
_inputPinpad             bssBANK0     002E
_main                    maintext     0747
_outputPinpad            bssBANK0     003C
beep@duration_ms         cstackCOMMON 007B
beep@half_period_us      cstackBANK0  0056
beep@i                   cstackBANK0  0054
beep@total_cycles        cstackBANK0  0052
btemp                    (abs)        007E
clear_ram0               clrtext      05F2
delay_us@i               cstackCOMMON 0074
delay_us@time            cstackCOMMON 0071
end_of_initialization    cinit        07FD
initialize_pins@i        cstackCOMMON 0072
intlevel0                functab      0000
intlevel1                functab      0000
intlevel2                functab      0000
intlevel3                functab      0000
intlevel4                functab      0000
intlevel5                functab      0000
main@i                   cstackBANK0  005B
main@i_220               cstackBANK0  005D
reset_vec                reset_vec    0000
start                    init         0001
start_initialization     cinit        07EE
wtemp0                   (abs)        007E


MODULE INFORMATION

Module		Function		Class		Link	Load	Size
C:\Program Files\Microchip\xc8\v2.50\pic\sources\c99\common\Umul16.c
		___wmul        		CODE           	0615	0000	37

C:\Program Files\Microchip\xc8\v2.50\pic\sources\c99\common\Umul16.c estimated size: 37

shared
		__initialization		CODE           	07EE	0000	15

shared estimated size: 15

C:\Program Files\Microchip\xc8\v2.50\pic\sources\c99\common\awdiv.c
		___awdiv       		CODE           	06E2	0000	101

C:\Program Files\Microchip\xc8\v2.50\pic\sources\c99\common\awdiv.c estimated size: 101

main.c
		_beep          		CODE           	063A	0000	80
		_delay_us      		CODE           	05FA	0000	27
		_main          		CODE           	0747	0000	167
		_initialize_pins		CODE           	068A	0000	88

main.c estimated size: 362

