Microchip MPLAB XC8 Compiler V2.50

Linker command line:

-W-3 \
  --edf=C:\Program Files\Microchip\xc8\v2.50\pic\dat\20240725155939_en.msgs \
  -cn -h+dist/default/production\belepteto.X.production.sym \
  --cmf=dist/default/production\belepteto.X.production.cmf -z -Q16F648A \
  -oC:\Users\biebe\AppData\Local\Temp\xcAsf1s.\driver_tmp_3.o \
  --defsym=__MPLAB_BUILD=1 --fixupoverflow=error \
  -Mdist/default/production/belepteto.X.production.map \
  --md=C:\Users\biebe\AppData\Local\Temp\xcAsf1s.\driver_tmp_0.dat -E1 \
  -ver=XC8 Compiler --acfsm=1493 -ACODE=00h-07FFhx2 -ASTRCODE=00h-0FFFh \
  -ASTRING=00h-0FFhx16 -ACONST=00h-0FFhx16 -AENTRY=00h-0FFhx16 \
  -ACOMMON=070h-07Fh -ABANK0=020h-06Fh -ABANK1=0A0h-0EFh \
  -ABANK2=0120h-016Fh -ARAM=020h-06Fh,0A0h-0EFh,0120h-016Fh \
  -AABS1=020h-07Fh,0A0h-0EFh,0120h-016Fh -ASFR0=00h-01Fh -ASFR1=080h-09Fh \
  -ASFR2=0100h-011Fh -ASFR3=0180h-01EFh -ACONFIG=02007h-02007h -DCONFIG=2 \
  -AIDLOC=02000h-02003h -DIDLOC=2 -AEEDATA=00h-0FFh/02100h \
  -peeprom_data=EEDATA -DEEDATA=2 -DCODE=2 -DSTRCODE=2 -DSTRING=2 -DCONST=2 \
  -DENTRY=2 -preset_vec=00h,intentry,sivt,init,end_init -ppowerup=CODE \
  -pcinit=CODE -pfunctab=ENTRY -k \
  C:\Users\biebe\AppData\Local\Temp\xcAsf1s.\driver_tmp_12.o \
  dist/default/production\belepteto.X.production.o 

Object code version is 3.11

Machine type is 16F648A



                Name                               Link     Load   Length Selector   Space Scale
C:\Users\biebe\AppData\Local\Temp\xcAsf1s.\driver_tmp_12.o
                end_init                              0        0        2        0       0
                config                             2007     2007        1        0       4
dist/default/production\belepteto.X.production.o
                cinit                               7EE      7EE       12      FDC       0
                config                             2007     2007        1        0       4
                text9                               56C      56C        C      AD8       0
                text8                               6D2      6D2       63      DA4       0
                text7                               59F      59F       25      B3E       0
                text6                               584      584       1B      B08       0
                text5                               62A      62A       50      C54       0
                text4                               5C4      5C4       2C      B88       0
                text3                               5F0      5F0       3A      BE0       0
                text2                               67A      67A       58      CF4       0
                text1                               578      578        C      AF0       0
                maintext                            735      735       B9      E6A       0
                cstackBANK0                          50       50       1C       20       1
                cstackCOMMON                         70       70        E       70       1
                clrtext                             564      564        8      AC8       0
                dataBANK0                            6C       6C        2       20       1
                bssBANK0                             20       20       30       20       1
                idataBANK0                          562      562        2      AC4       0

TOTAL           Name                               Link     Load   Length     Space
        CLASS   CODE           
                end_init                              0        0        2         0
                cinit                               7EE      7EE       12         0
                text9                               56C      56C        C         0
                text8                               6D2      6D2       63         0
                text7                               59F      59F       25         0
                text6                               584      584       1B         0
                text5                               62A      62A       50         0
                text4                               5C4      5C4       2C         0
                text3                               5F0      5F0       3A         0
                text2                               67A      67A       58         0
                text1                               578      578        C         0
                maintext                            735      735       B9         0
                clrtext                             564      564        8         0
                idataBANK0                          562      562        2         0

        CLASS   STRCODE        

        CLASS   STRING         

        CLASS   CONST          

        CLASS   ENTRY          

        CLASS   COMMON         
                cstackCOMMON                         70       70        E         1

        CLASS   BANK0          
                cstackBANK0                          50       50       1C         1
                dataBANK0                            6C       6C        2         1
                bssBANK0                             20       20       30         1

        CLASS   BANK1          

        CLASS   BANK2          

        CLASS   RAM            

        CLASS   ABS1           
                abs_s1                               7E       7E        2         1

        CLASS   SFR0           

        CLASS   SFR1           

        CLASS   SFR2           

        CLASS   SFR3           

        CLASS   CONFIG         
                config                             2007     2007        1         4

        CLASS   IDLOC          

        CLASS   EEDATA         

        CLASS   BANK3          

        CLASS   HEAP           

        CLASS   STACK          



SEGMENTS        Name                           Load    Length   Top    Selector   Space  Class     Delta

                reset_vec                      000000  000002  000002         0       0  CODE        2
                bssBANK0                       000020  00004E  00006E        20       1  BANK0       1
                cstackCOMMON                   000070  00000E  00007E        70       1  COMMON      1
                idataBANK0                     000562  000002  000564       AC4       0  CODE        2
                clrtext                        000564  000008  00056C       AC8       0  CODE        2
                text9                          00056C  00000C  000578       AD8       0  CODE        2
                text1                          000578  00000C  000584       AF0       0  CODE        2
                text6                          000584  00001B  00059F       B08       0  CODE        2
                text7                          00059F  000025  0005C4       B3E       0  CODE        2
                text4                          0005C4  00002C  0005F0       B88       0  CODE        2
                text3                          0005F0  00003A  00062A       BE0       0  CODE        2
                text5                          00062A  000050  00067A       C54       0  CODE        2
                text2                          00067A  000058  0006D2       CF4       0  CODE        2
                text8                          0006D2  000063  000735       DA4       0  CODE        2
                maintext                       000735  0000B9  0007EE       E6A       0  CODE        2
                cinit                          0007EE  000012  000800       FDC       0  CODE        2


UNUSED ADDRESS RANGES

        Name                Unused          Largest block    Delta
        BANK0            006E-006F              2           1
        BANK1            00A0-00EF             50           1
        BANK2            0120-016F             50           1
        CODE             0002-0561            560           2
                         0800-0FFF            800
        CONST            0002-0561            100           2
                         0800-0FFF            100
        EEDATA           2100-21FF            100           2
        ENTRY            0002-0561            100           2
                         0800-0FFF            100
        IDLOC            2000-2003              4           2
        RAM              006E-006F              2           1
                         00A0-00EF             50
                         0120-016F             50
        SFR0             0000-001F             20           1
        SFR1             0080-009F             20           1
        SFR2             0100-011F             20           1
        SFR3             0180-01EF             70           1
        STRCODE          0002-0561            560           2
                         0800-0FFF            800
        STRING           0002-0561            100           2
                         0800-0FFF            100

                                  Symbol Table

?___awdiv                cstackCOMMON 0076
?___wmul                 cstackCOMMON 0070
_CMCON                   (abs)        001F
_INTCONbits              (abs)        000B
_PORTAbits               (abs)        0005
_PORTBbits               (abs)        0006
_TRISAbits               (abs)        0085
_TRISBbits               (abs)        0086
_USER_INPUT              bssBANK0     0040
__H__absolute__          __absolute__ 0000
__Habs1                  abs1         0000
__Hbank0                 bank0        0000
__Hbank1                 bank1        0000
__Hbank2                 bank2        0000
__Hbank3                 bank3        0000
__HbssBANK0              bssBANK0     0000
__Hcinit                 cinit        0800
__Hclrtext               clrtext      0000
__Hcode                  code         0000
__Hcommon                common       0000
__Hconfig                config       2008
__HcstackBANK0           cstackBANK0  0000
__HcstackCOMMON          cstackCOMMON 0000
__HdataBANK0             dataBANK0    0000
__Heeprom_data           eeprom_data  0000
__Hend_init              end_init     0002
__Hfunctab               functab      0000
__Hheap                  heap         0000
__HidataBANK0            idataBANK0   0000
__Hinit                  init         0000
__Hintentry              intentry     0000
__Hmaintext              maintext     0000
__Hpowerup               powerup      0000
__Hram                   ram          0000
__Hreset_vec             reset_vec    0000
__Hsfr0                  sfr0         0000
__Hsfr1                  sfr1         0000
__Hsfr2                  sfr2         0000
__Hsfr3                  sfr3         0000
__Hsivt                  sivt         0000
__Hspace_0               (abs)        0800
__Hspace_1               (abs)        007E
__Hspace_2               (abs)        0000
__Hspace_3               (abs)        0000
__Hspace_4               (abs)        400F
__Hstack                 stack        0000
__Hstrings               strings      0000
__Htext                  text         0000
__L__absolute__          __absolute__ 0000
__Labs1                  abs1         0000
__Lbank0                 bank0        0000
__Lbank1                 bank1        0000
__Lbank2                 bank2        0000
__Lbank3                 bank3        0000
__LbssBANK0              bssBANK0     0000
__Lcinit                 cinit        07EE
__Lclrtext               clrtext      0000
__Lcode                  code         0000
__Lcommon                common       0000
__Lconfig                config       0000
__LcstackBANK0           cstackBANK0  0000
__LcstackCOMMON          cstackCOMMON 0000
__LdataBANK0             dataBANK0    0000
__Leeprom_data           eeprom_data  0000
__Lend_init              end_init     0000
__Lfunctab               functab      0000
__Lheap                  heap         0000
__LidataBANK0            idataBANK0   0000
__Linit                  init         0000
__Lintentry              intentry     0000
__Lmaintext              maintext     0000
__Lpowerup               powerup      0000
__Lram                   ram          0000
__Lreset_vec             reset_vec    0000
__Lsfr0                  sfr0         0000
__Lsfr1                  sfr1         0000
__Lsfr2                  sfr2         0000
__Lsfr3                  sfr3         0000
__Lsivt                  sivt         0000
__Lspace_0               (abs)        0000
__Lspace_1               (abs)        0000
__Lspace_2               (abs)        0000
__Lspace_3               (abs)        0000
__Lspace_4               (abs)        0000
__Lstack                 stack        0000
__Lstrings               strings      0000
__Ltext                  text         0000
__S0                     (abs)        0800
__S1                     (abs)        007E
__S3                     (abs)        0000
___awdiv                 text8        06D2
___awdiv@counter         cstackCOMMON 007A
___awdiv@dividend        cstackCOMMON 0078
___awdiv@divisor         cstackCOMMON 0076
___awdiv@quotient        cstackCOMMON 007C
___awdiv@sign            cstackCOMMON 007B
___heap_hi               (abs)        0000
___heap_lo               (abs)        0000
___int_sp                stack        0000
___int_stack_hi          stack        0000
___int_stack_lo          stack        0000
___latbits               (abs)        0001
___sp                    stack        0000
___stack_hi              stack        0000
___stack_lo              stack        0000
___stackhi               (abs)        0000
___stacklo               (abs)        0000
___wmul                  text7        059F
___wmul@multiplicand     cstackCOMMON 0072
___wmul@multiplier       cstackCOMMON 0070
___wmul@product          cstackCOMMON 0074
__end_of___awdiv         text8        0735
__end_of___wmul          text7        05C4
__end_of__initialization cinit        07FD
__end_of_beep            text5        067A
__end_of_clock_SR        text9        0578
__end_of_decode_value    text3        062A
__end_of_delay_us        text6        059F
__end_of_flash           text4        05F0
__end_of_initialize_pins text2        06D2
__end_of_main            maintext     07EE
__end_of_push_output     text1        0584
__initialization         cinit        07EE
__pbssBANK0              bssBANK0     0020
__pcstackBANK0           cstackBANK0  0050
__pcstackCOMMON          cstackCOMMON 0070
__pdataBANK0             dataBANK0    006C
__pidataBANK0            idataBANK0   0562
__pmaintext              maintext     0735
__ptext1                 text1        0578
__ptext2                 text2        067A
__ptext3                 text3        05F0
__ptext4                 text4        05C4
__ptext5                 text5        062A
__ptext6                 text6        0584
__ptext7                 text7        059F
__ptext8                 text8        06D2
__ptext9                 text9        056C
_beep                    text5        062A
_clock_SR                text9        056C
_decode_value            text3        05F0
_delay_us                text6        0584
_flash                   text4        05C4
_initialize_pins         text2        067A
_inputPinpad             bssBANK0     0020
_main                    maintext     0735
_outputPinpad            bssBANK0     002E
_push_output             text1        0578
beep@duration_ms         cstackBANK0  0050
beep@half_period_us      cstackBANK0  0057
beep@i                   cstackBANK0  0055
beep@total_cycles        cstackBANK0  0053
btemp                    (abs)        007E
clear_ram0               clrtext      0564
decode_value@code        cstackBANK0  0059
decode_value@i           cstackBANK0  005E
delay_us@i               cstackCOMMON 0073
delay_us@time            cstackCOMMON 0070
end_of_initialization    cinit        07FD
initialize_pins@i        cstackCOMMON 0071
intlevel0                functab      0000
intlevel1                functab      0000
intlevel2                functab      0000
intlevel3                functab      0000
intlevel4                functab      0000
intlevel5                functab      0000
main@cycle               cstackBANK0  0066
main@i                   cstackBANK0  0064
main@i_226               cstackBANK0  0068
main@itter               cstackBANK0  006A
reset_vec                reset_vec    0000
start                    init         0000
start_initialization     cinit        07EE
wtemp0                   (abs)        007E


MODULE INFORMATION

Module		Function		Class		Link	Load	Size
C:\Program Files\Microchip\xc8\v2.50\pic\sources\c99\common\Umul16.c
		___wmul        		CODE           	059F	0000	37

C:\Program Files\Microchip\xc8\v2.50\pic\sources\c99\common\Umul16.c estimated size: 37

shared
		__initialization		CODE           	07EE	0000	15

shared estimated size: 15

C:\Program Files\Microchip\xc8\v2.50\pic\sources\c99\common\awdiv.c
		___awdiv       		CODE           	06D2	0000	99

C:\Program Files\Microchip\xc8\v2.50\pic\sources\c99\common\awdiv.c estimated size: 99

main.c
		_beep          		CODE           	062A	0000	80
		_delay_us      		CODE           	0584	0000	27
		_main          		CODE           	0735	0000	185
		_initialize_pins		CODE           	067A	0000	88
		_flash         		CODE           	05C4	0000	44
		_decode_value  		CODE           	05F0	0000	58
		_push_output   		CODE           	0578	0000	12
		_clock_SR      		CODE           	056C	0000	12

main.c estimated size: 506

